// Vitest Snapshot v1, https://vitest.dev/guide/snapshot.html

exports[`import > works 1`] = `
"import type { ExternalInterface, IncludesExternal } from './_/external-stuff.js';
export type A = /* IncludesExternal */ { ex: ExternalInterface | { a: 1; }; } & ExternalInterface;
//# sourceMappingURL=import.d.ts.map"
`;
