// Vitest Snapshot v1, https://vitest.dev/guide/snapshot.html

exports[`dot-access > works 1`] = `
"// ⠀ⓥ 2026     🌩    🌩     ⠀   ⠀
// ⠀         🌩 V͛o͛͛͛lt͛͛͛i͛͛͛͛so͛͛͛.com⠀  ⠀⠀⠀
/*import { $Assert, $fastAssert } from '@voltiso/util'*/ 
// 👗 [@voltiso/transform/strip] Commented-out because of symbol \`$Assert\`
/*$Assert<IsIdentical<true, true>>()*/ 
// 👗 [@voltiso/transform/strip] Commented-out because of symbol \`$fastAssert\`
/*$fastAssert.defined(1)*/ 
// 👗 [@voltiso/transform/strip] Commented-out because of symbol \`$fastAssert\`
/*$fastAssert(0)*/ 
export {};
//# sourceMappingURL=dot-access.js.map"
`;
