// Jest Snapshot v1, https://goo.gl/fbAQLP

exports[`external works 1`] = `
"import type { ExternalButGood, SneakyExternal } from './_/external-stuff';
export declare type A = ExternalButGood;
export declare type A_ = /*ExternalButGood*/ { a: 1; };
export declare type B = SneakyExternal;
export declare type B_ = SneakyExternal;
//# sourceMappingURL=external.d.ts.map"
`;
